[0] Certificate:
serial number: 285299375325407718547624347336838676003698
subject: CN=alex.dzyoba.com
issuer: CN=Let's Encrypt Authority X3,O=Let's Encrypt,C=US
isCA: false
root: false
valid: from '2019-09-14 19:21:30' to '2019-12-13 19:21:30'

[1] Certificate:
serial number: 13298795840390663119752826058995181320
subject: CN=Let's Encrypt Authority X3,O=Let's Encrypt,C=US
issuer: CN=DST Root CA X3,O=Digital Signature Trust Co.
isCA: true
root: false
valid: from '2016-03-17 16:40:46' to '2021-03-17 16:40:46'

